

HI-TECH Software 8051 Macro Assembler V9.60                                Page 1
                                                       Tue Apr 04 14:43:55 2023

     1                           	psect	idata,class=DATA,space=1,limit=080h
     2                           	psect	irdata,class=DATA,limit=080h
     3                           	global	_main
     4                           	signat	_main,88
     5                           	global	stack_internal
     6                           	psect	text,class=CODE
     7                           	psect	text
     8                           	file	"F:\÷»‘–Œ¬~1\6—≈Ã≈—~1\À¿¡Œ–¿~1\À¿¡Œ–¿~1\œ–
                                 ¿ “»~2\U2\project1\main.c"
     9                           	line	5
    10  0010C                     _main:
    11  0010C  02 0248            	j	f1411
    12  0010F                     f1410:
    13                           ;main.c: 4: void main()
    14                           
    15                           ;main.c: 5: {
    16                           
    17                           	psect	data,class=CODE
    18                           	psect	data
    19  00100                     F157:
    20  00100  30                 	db	(48)
    21  00101  31                 	db	(49)
    22  00102  32                 	db	(50)
    23  00103  33                 	db	(51)
    24  00104  34                 	db	(52)
    25  00105  35                 	db	(53)
    26  00106  36                 	db	(54)
    27  00107  37                 	db	(55)
    28  00108  38                 	db	(56)
    29  00109  39                 	db	(57)
    30  0010A  41                 	db	(65)
    31  0010B  42                 	db	(66)
    32                           ;	var   _symbol assigned to ?a_main+0
    33                           ;main.c: 6: char symbol[3][4]={{'0','1','2','3'}
                                 ,
    34                           
    35                           ;main.c: 7: {'4','5','6','7',},
    36                           
    37                           ;main.c: 8: {'8','9','A','B'}};
    38                           
    39                           	psect	text
    40                           	line	8
    41  0010F  78 01              	mov	r0,#high (F157)
    42  00111  79 00              	mov	r1,#low (F157)
    43  00113  7A 00              	mov	r2,#high (?a_main+0)
    44  00115  7B 20              	mov	r3,#low (?a_main+0)
    45  00117  7D 0C              	mov	r5,#low 12
    46  00119  7C 00              	mov	r4,#high 12
    47                           	global	str_copy
    48  0011B  12 0019            	lcall	str_copy
    49                           ;main.c: 9: P0 = 0x38;
    50                           
    51                           	line	9
    52  0011E  75 80 38           	mov	080h,#56
    53                           ;main.c: 10: P2 = 0x1;
    54                           
    55                           	line	10
    56  00121  75 A0 01           	mov	0A0h,#1
    57                           ;main.c: 11: P2 = 0x0;
    58                           
    59                           	line	11
    60  00124  75 A0 00           	mov	0A0h,#0
    61                           ;main.c: 12: P0 = 0x80;
    62                           
    63                           	line	12
    64  00127  75 80 80           	mov	080h,#128
    65                           ;main.c: 13: P2 = 0x1;
    66                           
    67                           	line	13
    68  0012A  75 A0 01           	mov	0A0h,#1
    69                           ;main.c: 14: P2 = 0x0;
    70                           
    71                           	line	14
    72  0012D  75 A0 00           	mov	0A0h,#0
    73                           ;main.c: 17: while(1){
    74                           
    75                           	line	17
    76  00130                     l5:
    77                           ;main.c: 19: P10 = 0;
    78                           
    79                           	line	19
    80  00130  C2 90              	clr	p1.0
    81                           ;main.c: 20: if(P13 == 0){ P0 = symbol[0][4]; P2
                                  = 0x3; P2 = 0x2;}
    82                           
    83                           	line	20
    84  00132  20 93 02           	bb	p1.3, u11
    85  00135  80 02              	jmp	u10
    86  00137                     u11:
    87  00137  80 0A              	jmp	l7
    88  00139                     u10:
    89  00139  79 24              	mov	r1,#?a_main+0+04h
    90  0013B  87 80              	mov	080h,@r1
    91  0013D  75 A0 03           	mov	0A0h,#3
    92  00140  75 A0 02           	mov	0A0h,#2
    93  00143                     l7:
    94                           ;main.c: 21: if(P14 == 0){ P0 = symbol[0][3]; P2
                                  = 0x3; P2 = 0x2;}
    95                           
    96                           	line	21
    97  00143  20 94 02           	bb	p1.4, u21
    98  00146  80 02              	jmp	u20
    99  00148                     u21:
   100  00148  80 0A              	jmp	l8
   101  0014A                     u20:
   102  0014A  79 23              	mov	r1,#?a_main+0+03h
   103  0014C  87 80              	mov	080h,@r1
   104  0014E  75 A0 03           	mov	0A0h,#3
   105  00151  75 A0 02           	mov	0A0h,#2
   106  00154                     l8:
   107                           ;main.c: 22: if(P15 == 0){ P0 = symbol[0][2]; P2
                                  = 0x3; P2 = 0x2;}
   108                           
   109                           	line	22
   110  00154  20 95 02           	bb	p1.5, u31
   111  00157  80 02              	jmp	u30
   112  00159                     u31:
   113  00159  80 0A              	jmp	l9
   114  0015B                     u30:
   115  0015B  79 22              	mov	r1,#?a_main+0+02h
   116  0015D  87 80              	mov	080h,@r1
   117  0015F  75 A0 03           	mov	0A0h,#3
   118  00162  75 A0 02           	mov	0A0h,#2
   119  00165                     l9:
   120                           ;main.c: 23: if(P16 == 0){ P0 = symbol[0][1]; P2
                                  = 0x3; P2 = 0x2;}
   121                           
   122                           	line	23
   123  00165  20 96 02           	bb	p1.6, u41
   124  00168  80 02              	jmp	u40
   125  0016A                     u41:
   126  0016A  80 0A              	jmp	l10
   127  0016C                     u40:
   128  0016C  79 21              	mov	r1,#?a_main+0+01h
   129  0016E  87 80              	mov	080h,@r1
   130  00170  75 A0 03           	mov	0A0h,#3
   131  00173  75 A0 02           	mov	0A0h,#2
   132  00176                     l10:
   133                           ;main.c: 24: if(P17 == 0){ P0 = symbol[0][0]; P2
                                  = 0x3; P2 = 0x2;}
   134                           
   135                           	line	24
   136  00176  20 97 02           	bb	p1.7, u51
   137  00179  80 02              	jmp	u50
   138  0017B                     u51:
   139  0017B  80 0A              	jmp	l11
   140  0017D                     u50:
   141  0017D  79 20              	mov	r1,#?a_main+0
   142  0017F  87 80              	mov	080h,@r1
   143  00181  75 A0 03           	mov	0A0h,#3
   144  00184  75 A0 02           	mov	0A0h,#2
   145  00187                     l11:
   146                           ;main.c: 25: P10 = 1;
   147                           
   148                           	line	25
   149  00187  D2 90              	setb	p1.0
   150                           ;main.c: 27: P11 = 0;
   151                           
   152                           	line	27
   153  00189  C2 91              	clr	p1.1
   154                           ;main.c: 28: if(P13 == 0){ P0 = symbol[1][4]; P2
                                  = 0x3; P2 = 0x2;}
   155                           
   156                           	line	28
   157  0018B  20 93 02           	bb	p1.3, u61
   158  0018E  80 02              	jmp	u60
   159  00190                     u61:
   160  00190  80 0A              	jmp	l12
   161  00192                     u60:
   162  00192  79 28              	mov	r1,#?a_main+0+08h
   163  00194  87 80              	mov	080h,@r1
   164  00196  75 A0 03           	mov	0A0h,#3
   165  00199  75 A0 02           	mov	0A0h,#2
   166  0019C                     l12:
   167                           ;main.c: 29: if(P14 == 0){ P0 = symbol[1][3]; P2
                                  = 0x3; P2 = 0x2;}
   168                           
   169                           	line	29
   170  0019C  20 94 02           	bb	p1.4, u71
   171  0019F  80 02              	jmp	u70
   172  001A1                     u71:
   173  001A1  80 0A              	jmp	l13
   174  001A3                     u70:
   175  001A3  79 27              	mov	r1,#?a_main+0+07h
   176  001A5  87 80              	mov	080h,@r1
   177  001A7  75 A0 03           	mov	0A0h,#3
   178  001AA  75 A0 02           	mov	0A0h,#2
   179  001AD                     l13:
   180                           ;main.c: 30: if(P15 == 0){ P0 = symbol[1][2]; P2
                                  = 0x3; P2 = 0x2;}
   181                           
   182                           	line	30
   183  001AD  20 95 02           	bb	p1.5, u81
   184  001B0  80 02              	jmp	u80
   185  001B2                     u81:
   186  001B2  80 0A              	jmp	l14
   187  001B4                     u80:
   188  001B4  79 26              	mov	r1,#?a_main+0+06h
   189  001B6  87 80              	mov	080h,@r1
   190  001B8  75 A0 03           	mov	0A0h,#3
   191  001BB  75 A0 02           	mov	0A0h,#2
   192  001BE                     l14:
   193                           ;main.c: 31: if(P16 == 0){ P0 = symbol[1][1]; P2
                                  = 0x3; P2 = 0x2;}
   194                           
   195                           	line	31
   196  001BE  20 96 02           	bb	p1.6, u91
   197  001C1  80 02              	jmp	u90
   198  001C3                     u91:
   199  001C3  80 0A              	jmp	l15
   200  001C5                     u90:
   201  001C5  79 25              	mov	r1,#?a_main+0+05h
   202  001C7  87 80              	mov	080h,@r1
   203  001C9  75 A0 03           	mov	0A0h,#3
   204  001CC  75 A0 02           	mov	0A0h,#2
   205  001CF                     l15:
   206                           ;main.c: 32: if(P17 == 0){ P0 = symbol[1][0]; P2
                                  = 0x3; P2 = 0x2;}
   207                           
   208                           	line	32
   209  001CF  20 97 02           	bb	p1.7, u101
   210  001D2  80 02              	jmp	u100
   211  001D4                     u101:
   212  001D4  80 0A              	jmp	l16
   213  001D6                     u100:
   214  001D6  79 24              	mov	r1,#?a_main+0+04h
   215  001D8  87 80              	mov	080h,@r1
   216  001DA  75 A0 03           	mov	0A0h,#3
   217  001DD  75 A0 02           	mov	0A0h,#2
   218  001E0                     l16:
   219                           ;main.c: 33: P11 = 1;
   220                           
   221                           	line	33
   222  001E0  D2 91              	setb	p1.1
   223                           ;main.c: 35: P12 = 0;
   224                           
   225                           	line	35
   226  001E2  C2 92              	clr	p1.2
   227                           ;main.c: 36: if(P13 == 0){ P0 = symbol[2][4]; P2
                                  = 0x3; P2 = 0x2;}
   228                           
   229                           	line	36
   230  001E4  20 93 02           	bb	p1.3, u111
   231  001E7  80 02              	jmp	u110
   232  001E9                     u111:
   233  001E9  80 0A              	jmp	l17
   234  001EB                     u110:
   235  001EB  79 2C              	mov	r1,#?a_main+0+0Ch
   236  001ED  87 80              	mov	080h,@r1
   237  001EF  75 A0 03           	mov	0A0h,#3
   238  001F2  75 A0 02           	mov	0A0h,#2
   239  001F5                     l17:
   240                           ;main.c: 37: if(P14 == 0){ P0 = symbol[2][3]; P2
                                  = 0x3; P2 = 0x2;}
   241                           
   242                           	line	37
   243  001F5  20 94 02           	bb	p1.4, u121
   244  001F8  80 02              	jmp	u120
   245  001FA                     u121:
   246  001FA  80 0A              	jmp	l18
   247  001FC                     u120:
   248  001FC  79 2B              	mov	r1,#?a_main+0+0Bh
   249  001FE  87 80              	mov	080h,@r1
   250  00200  75 A0 03           	mov	0A0h,#3
   251  00203  75 A0 02           	mov	0A0h,#2
   252  00206                     l18:
   253                           ;main.c: 38: if(P15 == 0){ P0 = symbol[2][2]; P2
                                  = 0x3; P2 = 0x2;}
   254                           
   255                           	line	38
   256  00206  20 95 02           	bb	p1.5, u131
   257  00209  80 02              	jmp	u130
   258  0020B                     u131:
   259  0020B  80 0A              	jmp	l19
   260  0020D                     u130:
   261  0020D  79 2A              	mov	r1,#?a_main+0+0Ah
   262  0020F  87 80              	mov	080h,@r1
   263  00211  75 A0 03           	mov	0A0h,#3
   264  00214  75 A0 02           	mov	0A0h,#2
   265  00217                     l19:
   266                           ;main.c: 39: if(P16 == 0){ P0 = symbol[2][1]; P2
                                  = 0x3; P2 = 0x2;}
   267                           
   268                           	line	39
   269  00217  20 96 02           	bb	p1.6, u141
   270  0021A  80 02              	jmp	u140
   271  0021C                     u141:
   272  0021C  80 0A              	jmp	l20
   273  0021E                     u140:
   274  0021E  79 29              	mov	r1,#?a_main+0+09h
   275  00220  87 80              	mov	080h,@r1
   276  00222  75 A0 03           	mov	0A0h,#3
   277  00225  75 A0 02           	mov	0A0h,#2
   278  00228                     l20:
   279                           ;main.c: 40: if(P17 == 0){ P0 = symbol[2][0]; P2
                                  = 0x3; P2 = 0x2;}
   280                           
   281                           	line	40
   282  00228  20 97 02           	bb	p1.7, u151
   283  0022B  80 02              	jmp	u150
   284  0022D                     u151:
   285  0022D  80 0A              	jmp	l21
   286  0022F                     u150:
   287  0022F  79 28              	mov	r1,#?a_main+0+08h
   288  00231  87 80              	mov	080h,@r1
   289  00233  75 A0 03           	mov	0A0h,#3
   290  00236  75 A0 02           	mov	0A0h,#2
   291  00239                     l21:
   292                           ;main.c: 41: P12 = 1;
   293                           
   294                           	line	41
   295  00239  D2 92              	setb	p1.2
   296                           ;main.c: 43: P0 = 0x01;
   297                           
   298                           	line	43
   299  0023B  75 80 01           	mov	080h,#1
   300                           ;main.c: 44: P2 = 0x1;
   301                           
   302                           	line	44
   303  0023E  75 A0 01           	mov	0A0h,#1
   304                           ;main.c: 45: P2 = 0x0;
   305                           
   306                           	line	45
   307  00241  75 A0 00           	mov	0A0h,#0
   308                           	line	46
   309  00244                     l4:
   310                           	line	17
   311  00244  02 0130            	jmp	l5
   312  00247                     l6:
   313                           ;main.c: 46: }
   314                           
   315                           ;main.c: 47: }
   316                           
   317                           	line	47
   318  00247                     l3:
   319  00247  22                 	ret
   320  00248                     f1411:
   321  00248  02 010F            	j	f1410
   322                           	FNSIZE	_main,12,0
   323                           	global	?a_main
   324  0000                     f1412	equ	0
   325  0000                     _A10	equ	162
   326  0000                     _A11	equ	163
   327  0000                     _A12	equ	164
   328  0000                     _A13	equ	165
   329  0000                     _A14	equ	166
   330  0000                     _A15	equ	167
   331  0000                     _A8	equ	160
   332  0000                     _A9	equ	161
   333  0000                     _AC	equ	214
   334  0000                     _ACC0	equ	224
   335  0000                     _ACC1	equ	225
   336  0000                     _ACC2	equ	226
   337  0000                     _ACC3	equ	227
   338  0000                     _ACC4	equ	228
   339  0000                     _ACC5	equ	229
   340  0000                     _ACC6	equ	230
   341  0000                     _ACC7	equ	231
   342  0000                     _AD0	equ	128
   343  0000                     _AD1	equ	129
   344  0000                     _AD2	equ	130
   345  0000                     _AD3	equ	131
   346  0000                     _AD4	equ	132
   347  0000                     _AD5	equ	133
   348  0000                     _AD6	equ	134
   349  0000                     _AD7	equ	135
   350  0000                     _B0	equ	240
   351  0000                     _B1	equ	241
   352  0000                     _B2	equ	242
   353  0000                     _B3	equ	243
   354  0000                     _B4	equ	244
   355  0000                     _B5	equ	245
   356  0000                     _B6	equ	246
   357  0000                     _B7	equ	247
   358  0000                     _CY	equ	215
   359  0000                     _EA	equ	175
   360  0000                     _ES	equ	172
   361  0000                     _ET0	equ	169
   362  0000                     _ET1	equ	171
   363  0000                     _EX0	equ	168
   364  0000                     _EX1	equ	170
   365  0000                     _F0	equ	213
   366  0000                     _IE0	equ	137
   367  0000                     _IE1	equ	139
   368  0000                     _INT0	equ	178
   369  0000                     _INT1	equ	179
   370  0000                     _IT0	equ	136
   371  0000                     _IT1	equ	138
   372  0000                     _OV	equ	210
   373  0000                     _P	equ	208
   374  0000                     _P00	equ	128
   375  0000                     _P01	equ	129
   376  0000                     _P02	equ	130
   377  0000                     _P03	equ	131
   378  0000                     _P04	equ	132
   379  0000                     _P05	equ	133
   380  0000                     _P06	equ	134
   381  0000                     _P07	equ	135
   382  0000                     _P10	equ	144
   383  0000                     _P11	equ	145
   384  0000                     _P12	equ	146
   385  0000                     _P13	equ	147
   386  0000                     _P14	equ	148
   387  0000                     _P15	equ	149
   388  0000                     _P16	equ	150
   389  0000                     _P17	equ	151
   390  0000                     _P20	equ	160
   391  0000                     _P21	equ	161
   392  0000                     _P22	equ	162
   393  0000                     _P23	equ	163
   394  0000                     _P24	equ	164
   395  0000                     _P25	equ	165
   396  0000                     _P26	equ	166
   397  0000                     _P27	equ	167
   398  0000                     _P30	equ	176
   399  0000                     _P31	equ	177
   400  0000                     _P32	equ	178
   401  0000                     _P33	equ	179
   402  0000                     _P34	equ	180
   403  0000                     _P35	equ	181
   404  0000                     _P36	equ	182
   405  0000                     _P37	equ	183
   406  0000                     _PS	equ	188
   407  0000                     _PT0	equ	185
   408  0000                     _PT1	equ	187
   409  0000                     _PX0	equ	184
   410  0000                     _PX1	equ	186
   411  0000                     _RB8	equ	154
   412  0000                     _RD	equ	183
   413  0000                     _REN	equ	156
   414  0000                     _RI	equ	152
   415  0000                     _RS0	equ	211
   416  0000                     _RS1	equ	212
   417  0000                     _RXD	equ	176
   418  0000                     _SM0	equ	159
   419  0000                     _SM1	equ	158
   420  0000                     _SM2	equ	157
   421  0000                     _T0	equ	180
   422  0000                     _T1	equ	181
   423  0000                     _TB8	equ	155
   424  0000                     _TF0	equ	141
   425  0000                     _TF1	equ	143
   426  0000                     _TI	equ	153
   427  0000                     _TR0	equ	140
   428  0000                     _TR1	equ	142
   429  0000                     _TXD	equ	177
   430  0000                     _WR	equ	182
   431  0000                     _ACC	equ	224
   432  0000                     _B	equ	240
   433  0000                     _DPH	equ	131
   434  0000                     _DPL	equ	130
   435  0000                     _IE	equ	168
   436  0000                     _IP	equ	184
   437  0000                     _P0	equ	128
   438  0000                     _P1	equ	144
   439  0000                     _P2	equ	160
   440  0000                     _P3	equ	176
   441  0000                     _PCON	equ	135
   442  0000                     _PSW	equ	208
   443  0000                     _SBUF	equ	153
   444  0000                     _SCON	equ	152
   445  0000                     _SP	equ	129
   446  0000                     _TCON	equ	136
   447  0000                     _TH0	equ	140
   448  0000                     _TH1	equ	141
   449  0000                     _TL0	equ	138
   450  0000                     _TL1	equ	139
   451  0000                     _TMOD	equ	137
   452  0000                     _ACC_BITS	equ	224
   453  0000                     _B_BITS	equ	240
   454  0000                     _IE_BITS	equ	168
   455  0000                     _IP_BITS	equ	184
   456  0000                     _P0_BITS	equ	128
   457  0000                     _P1_BITS	equ	144
   458  0000                     _P2_BITS	equ	160
   459  0000                     _P3_BITS	equ	176
   460  0000                     _PCON_BITS	equ	135
   461  0000                     _PSW_BITS	equ	208
   462  0000                     _SCON_BITS	equ	152
   463  0000                     _TCON_BITS	equ	136
   464  0000                     _TMOD_BITS	equ	137


HI-TECH Software 8051 Macro Assembler V9.60                                Page 2
Symbol Table                                           Tue Apr 04 14:43:55 2023

       ?a_main 00020              _B 000F0              l3 00247  
            l4 00244              l5 00130              _P 000D0  
            l6 00247              l7 00143              l8 00154  
            l9 00165             _B0 000F0             _B1 000F1  
           _B2 000F2             _B3 000F3             _B4 000F4  
           _B5 000F5             _B6 000F6             _A8 000A0  
           _B7 000F7             _A9 000A1             _F0 000D5  
           _AC 000D6             l10 00176             l11 00187  
           l20 00228             l12 0019C             l21 00239  
           l13 001AD             l14 001BE             _EA 000AF  
           l15 001CF             l16 001E0             l17 001F5  
           l18 00206             l19 00217             _P0 00080  
           _P1 00090             _P2 000A0             _P3 000B0  
           _IE 000A8             _T0 000B4             _T1 000B5  
           _ES 000AC             _CY 000D7             _IP 000B8  
           _RD 000B7             u10 00139             u11 00137  
           u20 0014A             _RI 00098             u21 00148  
           u30 0015B             u31 00159             u40 0016C  
           _TI 00099             u41 0016A             u50 0017D  
           _PS 000BC             u51 0017B             _OV 000D2  
           u60 00192             u61 00190             _SP 00081  
           u70 001A3             u71 001A1             u80 001B4  
           u81 001B2             u90 001C5             u91 001C3  
           _WR 000B6         _B_BITS 000F0            F157 00100  
          _A10 000A2            _A11 000A3            _A12 000A4  
          _A13 000A5            _A14 000A6            _A15 000A7  
          _AD0 00080            _AD1 00081            _AD2 00082  
          _AD3 00083            _AD4 00084            _AD5 00085  
          _AD6 00086            _AD7 00087            _ACC 000E0  
          _P00 00080            _P01 00081            _P10 00090  
          _P02 00082            _P11 00091            _P03 00083  
          _P20 000A0            _P12 00092            _P04 00084  
          _P21 000A1            _P13 00093            _P05 00085  
          _P30 000B0            _P22 000A2            _P14 00094  
          _P06 00086            _P31 000B1            _P23 000A3  
          _P15 00095            _P07 00087            _P32 000B2  
          _P24 000A4            _P16 00096            _P33 000B3  
          _P25 000A5            _P17 00097            _P34 000B4  
          _P26 000A6            _P35 000B5            _P27 000A7  
          _P36 000B6            _P37 000B7            _IE0 00089  
          _IE1 0008B            _ET0 000A9            _ET1 000AB  
          _EX0 000A8            _EX1 000AA            _DPH 00083  
          _DPL 00082            _IT0 00088            _IT1 0008A  
          _RB8 0009A            u100 001D6            u101 001D4  
          u110 001EB            u111 001E9            u120 001FC  
          u121 001FA            u130 0020D            u131 0020B  
          _TF0 0008D            _TB8 0009B            u140 0021E  
          _TF1 0008F            u141 0021C            u150 0022F  
          u151 0022D            _TH0 0008C            _TH1 0008D  
          _SM0 0009F            _SM1 0009E            _TL0 0008A  
          _SM2 0009D            _PT0 000B9            _TL1 0008B  
          _PT1 000BB            _RS0 000D3            _RS1 000D4  
          _REN 0009C            _PX0 000B8            _PX1 000BA  
          _TR0 0008C            _TR1 0008E            _RXD 000B0  
          _PSW 000D0            _TXD 000B1        _P0_BITS 00080  
      _P1_BITS 00090        _P2_BITS 000A0        _P3_BITS 000B0  
      _IE_BITS 000A8       _ACC_BITS 000E0        _IP_BITS 000B8  
         f1410 0010F           f1411 00248           f1412 00000  
         _ACC0 000E0           _ACC1 000E1           _ACC2 000E2  
         _ACC3 000E3           _ACC4 000E4           _ACC5 000E5  
         _ACC6 000E6           _ACC7 000E7  stack_internal 00001  
         _INT0 000B2           _INT1 000B3           _PCON 00087  
         _SCON 00098           _SBUF 00099           _TCON 00088  
         _TMOD 00089           _main 0010C       _PSW_BITS 000D0  
    _PCON_BITS 00087      _SCON_BITS 00098      _TCON_BITS 00088  
      str_copy 00019      _TMOD_BITS 00089  
