

HI-TECH Software 8051 Macro Assembler V9.60                                Page 1
                                                       Tue Mar 21 15:24:15 2023

     1                           	psect	idata,class=DATA,space=1,limit=080h
     2                           	psect	irdata,class=DATA,limit=080h
     3                           	global	_msec
     4                           	signat	_msec,4216
     5                           	global	stack_internal
     6                           	psect	text,class=CODE
     7                           	psect	text
     8                           	file	"F:\ÖÈÔÐÎÂ~1\6ÑÅÌÅÑ~1\ËÀÁÎÐÀ~1\ËÀÁÎÐÀ~1\ÏÐ
                                 ÀÊÒÈ~1\U1\project1\main.c"
     9                           	line	3
    10  00003                     _msec:
    11  00003  80 37              	j	f1411
    12  00005                     f1410:
    13                           ;main.c: 3: void msec (int x){
    14                           
    15                           ;main.c: 4: while(x-->0){
    16                           
    17                           ;	var   _x assigned to ?a_msec+0
    18                           ;_x stored from WR2
    19  00005  8C 2D              	mov	?a_msec+0,r4
    20  00007  8D 2E              	mov	?a_msec+0+1,r5
    21                           	line	4
    22  00009  80 17              	jmp	l3
    23  0000B                     l4:
    24                           ;main.c: 5: TH0 = (-1000)>>8;
    25                           
    26                           	line	5
    27  0000B  75 8C FC           	mov	08Ch,#252
    28                           ;main.c: 6: TL0=-1000;
    29                           
    30                           	line	6
    31  0000E  75 8A 18           	mov	08Ah,#24
    32                           ;main.c: 7: TR0=1;
    33                           
    34                           	line	7
    35  00011  D2 8C              	setb	tcon.4
    36                           ;main.c: 8: do;
    37                           
    38                           	line	8
    39  00013                     l8:
    40                           ;main.c: 9: while(TF0==0 && P30);
    41                           
    42                           	line	9
    43  00013  A2 8D              	mov	c,tcon.5
    44  00015  B3                 	cpl	c
    45  00016  82 B0              	anl	c,p3.0
    46  00018  40 02              	bc	u11
    47  0001A  80 02              	jmp	u10
    48  0001C                     u11:
    49  0001C  80 F5              	jmp	l8
    50  0001E                     u10:
    51  0001E                     l7:
    52                           ;main.c: 10: TF0=0;
    53                           
    54                           	line	10
    55  0001E  C2 8D              	clr	tcon.5
    56                           ;main.c: 11: TR0=0;
    57                           
    58                           	line	11
    59  00020  C2 8C              	clr	tcon.4
    60                           	line	12
    61  00022                     l3:
    62                           	line	4
    63  00022  AC 2D              	mov	r4,?a_msec+0
    64  00024  E5 2E              	mov	a,?a_msec+0+1
    65  00026  FD                 	mov	r5,a
    66  00027  15 2E              	dec	?a_msec+0+1
    67  00029  70 02              	jnz	u24
    68  0002B  15 2D              	dec	?a_msec+0
    69  0002D                     u24:
    70  0002D  ED                 	mov	a,r5
    71  0002E  24 FF              	add	a,#low -(1)
    72  00030  EC                 	mov	a,r4
    73  00031  64 80              	xrl	a,#80h
    74  00033  34 7F              	addc	a,#(high -(1))xor 80h
    75  00035  40 02              	bc	u31
    76  00037  80 02              	jmp	u30
    77  00039                     u31:
    78  00039  80 D0              	jmp	l4
    79  0003B                     u30:
    80  0003B                     l5:
    81                           ;main.c: 12: }
    82                           
    83                           ;main.c: 13: }
    84                           
    85                           	line	13
    86  0003B                     l2:
    87  0003B  22                 	ret
    88  0003C                     f1411:
    89  0003C  80 C7              	j	f1410
    90                           	FNSIZE	_msec,2,0
    91                           	global	?a_msec
    92  0000                     f1412	equ	0
    93                           	global	_main
    94                           	signat	_main,88
    95                           	line	15
    96  0003E                     _main:
    97  0003E  80 69              	j	f1421
    98  00040                     f1420:
    99                           ;main.c: 15: void main(){
   100                           
   101                           ;	var   _i assigned to ?a_main+0
   102                           ;main.c: 16: int i = 0;
   103                           
   104                           	line	16
   105  00040  E4                 	clr	a
   106  00041  F5 20              	mov	?a_main+0,a
   107  00043  F5 21              	mov	?a_main+0+1,a
   108                           ;	var   _j assigned to ?a_main+2
   109                           ;main.c: 17: int j = 0;
   110                           
   111                           	line	17
   112  00045  E4                 	clr	a
   113  00046  F5 22              	mov	?a_main+2,a
   114  00048  F5 23              	mov	?a_main+2+1,a
   115                           ;	var   _array assigned to ?a_main+4
   116                           ;main.c: 18: unsigned char array[9];
   117                           
   118                           ;main.c: 19: TMOD=0x1;
   119                           
   120                           	line	19
   121  0004A  75 89 01           	mov	089h,#1
   122                           ;main.c: 20: array[0]=0x0;
   123                           
   124                           	line	20
   125  0004D  75 24  00          	mov	?a_main+4,#0
   126                           ;main.c: 21: array[1]=0x1;
   127                           
   128                           	line	21
   129  00050  75 25  01          	mov	0+?a_main+4+01h,#1
   130                           ;main.c: 22: array[2]=0x2;
   131                           
   132                           	line	22
   133  00053  75 26  02          	mov	0+?a_main+4+02h,#2
   134                           ;main.c: 23: array[3]=0x4;
   135                           
   136                           	line	23
   137  00056  75 27  04          	mov	0+?a_main+4+03h,#4
   138                           ;main.c: 24: array[4]=0x8;
   139                           
   140                           	line	24
   141  00059  75 28  08          	mov	0+?a_main+4+04h,#8
   142                           ;main.c: 25: array[5]=0x10;
   143                           
   144                           	line	25
   145  0005C  75 29  10          	mov	0+?a_main+4+05h,#16
   146                           ;main.c: 26: array[6]=0x20;
   147                           
   148                           	line	26
   149  0005F  75 2A  20          	mov	0+?a_main+4+06h,#32
   150                           ;main.c: 27: array[7]=0x40;
   151                           
   152                           	line	27
   153  00062  75 2B  40          	mov	0+?a_main+4+07h,#64
   154                           ;main.c: 28: array[8]=0x80;
   155                           
   156                           	line	28
   157  00065  75 2C  80          	mov	0+?a_main+4+08h,#128
   158                           ;main.c: 29: P1=array[0];
   159                           
   160                           	line	29
   161  00068  85 24  90          	mov	090h,?a_main+4
   162                           ;main.c: 30: msec(2);
   163                           
   164                           	FNCALL	_main,_msec
   165                           	line	30
   166  0006B  7C 00              	mov	r4,#high (2)
   167  0006D  7D 02              	mov	r5,#low (2)
   168  0006F  12 0003            	lcall	_msec
   169                           
   170                           ;main.c: 31: while(1){
   171                           
   172                           	line	31
   173  00072                     l11:
   174                           ;main.c: 32: P1=array[1]+array[8];
   175                           
   176                           	line	32
   177  00072  E5 25              	mov	a,0+?a_main+4+01h
   178  00074  25 2C              	add	a,0+?a_main+4+08h
   179  00076  F5 90              	mov	090h,a
   180                           ;main.c: 33: msec(800);
   181                           
   182                           	line	33
   183  00078  7C 03              	mov	r4,#high (800)
   184  0007A  7D 20              	mov	r5,#low (800)
   185  0007C  12 0003            	lcall	_msec
   186                           
   187                           ;main.c: 34: P1=array[2]+array[7];
   188                           
   189                           	line	34
   190  0007F  E5 26              	mov	a,0+?a_main+4+02h
   191  00081  25 2B              	add	a,0+?a_main+4+07h
   192  00083  F5 90              	mov	090h,a
   193                           ;main.c: 35: msec(6);
   194                           
   195                           	line	35
   196  00085  7C 00              	mov	r4,#high (6)
   197  00087  7D 06              	mov	r5,#low (6)
   198  00089  12 0003            	lcall	_msec
   199                           
   200                           ;main.c: 36: P1=array[3]+array[6];
   201                           
   202                           	line	36
   203  0008C  E5 27              	mov	a,0+?a_main+4+03h
   204  0008E  25 2A              	add	a,0+?a_main+4+06h
   205  00090  F5 90              	mov	090h,a
   206                           ;main.c: 37: msec(9);
   207                           
   208                           	line	37
   209  00092  7C 00              	mov	r4,#high (9)
   210  00094  7D 09              	mov	r5,#low (9)
   211  00096  12 0003            	lcall	_msec
   212                           
   213                           ;main.c: 38: P1=array[4]+array[5];
   214                           
   215                           	line	38
   216  00099  E5 28              	mov	a,0+?a_main+4+04h
   217  0009B  25 29              	add	a,0+?a_main+4+05h
   218  0009D  F5 90              	mov	090h,a
   219                           ;main.c: 39: msec(11);
   220                           
   221                           	line	39
   222  0009F  7C 00              	mov	r4,#high (11)
   223  000A1  7D 0B              	mov	r5,#low (11)
   224  000A3  12 0003            	lcall	_msec
   225                           
   226                           	line	59
   227  000A6                     l10:
   228                           	line	31
   229  000A6  80 CA              	jmp	l11
   230  000A8                     l12:
   231                           ;main.c: 59: }
   232                           
   233                           ;main.c: 60: }
   234                           
   235                           	line	60
   236  000A8                     l9:
   237  000A8  22                 	ret
   238  000A9                     f1421:
   239  000A9  80 95              	j	f1420
   240                           	FNSIZE	_main,13,0
   241                           	global	?a_main
   242  0000                     f1422	equ	0
   243  0000                     _A10	equ	162
   244  0000                     _A11	equ	163
   245  0000                     _A12	equ	164
   246  0000                     _A13	equ	165
   247  0000                     _A14	equ	166
   248  0000                     _A15	equ	167
   249  0000                     _A8	equ	160
   250  0000                     _A9	equ	161
   251  0000                     _AC	equ	214
   252  0000                     _ACC0	equ	224
   253  0000                     _ACC1	equ	225
   254  0000                     _ACC2	equ	226
   255  0000                     _ACC3	equ	227
   256  0000                     _ACC4	equ	228
   257  0000                     _ACC5	equ	229
   258  0000                     _ACC6	equ	230
   259  0000                     _ACC7	equ	231
   260  0000                     _AD0	equ	128
   261  0000                     _AD1	equ	129
   262  0000                     _AD2	equ	130
   263  0000                     _AD3	equ	131
   264  0000                     _AD4	equ	132
   265  0000                     _AD5	equ	133
   266  0000                     _AD6	equ	134
   267  0000                     _AD7	equ	135
   268  0000                     _B0	equ	240
   269  0000                     _B1	equ	241
   270  0000                     _B2	equ	242
   271  0000                     _B3	equ	243
   272  0000                     _B4	equ	244
   273  0000                     _B5	equ	245
   274  0000                     _B6	equ	246
   275  0000                     _B7	equ	247
   276  0000                     _CY	equ	215
   277  0000                     _EA	equ	175
   278  0000                     _ES	equ	172
   279  0000                     _ET0	equ	169
   280  0000                     _ET1	equ	171
   281  0000                     _EX0	equ	168
   282  0000                     _EX1	equ	170
   283  0000                     _F0	equ	213
   284  0000                     _IE0	equ	137
   285  0000                     _IE1	equ	139
   286  0000                     _INT0	equ	178
   287  0000                     _INT1	equ	179
   288  0000                     _IT0	equ	136
   289  0000                     _IT1	equ	138
   290  0000                     _OV	equ	210
   291  0000                     _P	equ	208
   292  0000                     _P00	equ	128
   293  0000                     _P01	equ	129
   294  0000                     _P02	equ	130
   295  0000                     _P03	equ	131
   296  0000                     _P04	equ	132
   297  0000                     _P05	equ	133
   298  0000                     _P06	equ	134
   299  0000                     _P07	equ	135
   300  0000                     _P10	equ	144
   301  0000                     _P11	equ	145
   302  0000                     _P12	equ	146
   303  0000                     _P13	equ	147
   304  0000                     _P14	equ	148
   305  0000                     _P15	equ	149
   306  0000                     _P16	equ	150
   307  0000                     _P17	equ	151
   308  0000                     _P20	equ	160
   309  0000                     _P21	equ	161
   310  0000                     _P22	equ	162
   311  0000                     _P23	equ	163
   312  0000                     _P24	equ	164
   313  0000                     _P25	equ	165
   314  0000                     _P26	equ	166
   315  0000                     _P27	equ	167
   316  0000                     _P30	equ	176
   317  0000                     _P31	equ	177
   318  0000                     _P32	equ	178
   319  0000                     _P33	equ	179
   320  0000                     _P34	equ	180
   321  0000                     _P35	equ	181
   322  0000                     _P36	equ	182
   323  0000                     _P37	equ	183
   324  0000                     _PS	equ	188
   325  0000                     _PT0	equ	185
   326  0000                     _PT1	equ	187
   327  0000                     _PX0	equ	184
   328  0000                     _PX1	equ	186
   329  0000                     _RB8	equ	154
   330  0000                     _RD	equ	183
   331  0000                     _REN	equ	156
   332  0000                     _RI	equ	152
   333  0000                     _RS0	equ	211
   334  0000                     _RS1	equ	212
   335  0000                     _RXD	equ	176
   336  0000                     _SM0	equ	159
   337  0000                     _SM1	equ	158
   338  0000                     _SM2	equ	157
   339  0000                     _T0	equ	180
   340  0000                     _T1	equ	181
   341  0000                     _TB8	equ	155
   342  0000                     _TF0	equ	141
   343  0000                     _TF1	equ	143
   344  0000                     _TI	equ	153
   345  0000                     _TR0	equ	140
   346  0000                     _TR1	equ	142
   347  0000                     _TXD	equ	177
   348  0000                     _WR	equ	182
   349  0000                     _ACC	equ	224
   350  0000                     _B	equ	240
   351  0000                     _DPH	equ	131
   352  0000                     _DPL	equ	130
   353  0000                     _IE	equ	168
   354  0000                     _IP	equ	184
   355  0000                     _P0	equ	128
   356  0000                     _P1	equ	144
   357  0000                     _P2	equ	160
   358  0000                     _P3	equ	176
   359  0000                     _PCON	equ	135
   360  0000                     _PSW	equ	208
   361  0000                     _SBUF	equ	153
   362  0000                     _SCON	equ	152
   363  0000                     _SP	equ	129
   364  0000                     _TCON	equ	136
   365  0000                     _TH0	equ	140
   366  0000                     _TH1	equ	141
   367  0000                     _TL0	equ	138
   368  0000                     _TL1	equ	139
   369  0000                     _TMOD	equ	137
   370  0000                     _ACC_BITS	equ	224
   371  0000                     _B_BITS	equ	240
   372  0000                     _IE_BITS	equ	168
   373  0000                     _IP_BITS	equ	184
   374  0000                     _P0_BITS	equ	128
   375  0000                     _P1_BITS	equ	144
   376  0000                     _P2_BITS	equ	160
   377  0000                     _P3_BITS	equ	176
   378  0000                     _PCON_BITS	equ	135
   379  0000                     _PSW_BITS	equ	208
   380  0000                     _SCON_BITS	equ	152
   381  0000                     _TCON_BITS	equ	136
   382  0000                     _TMOD_BITS	equ	137


HI-TECH Software 8051 Macro Assembler V9.60                                Page 2
Symbol Table                                           Tue Mar 21 15:24:15 2023

       ?a_main 00020              _B 000F0              l2 0003B  
            l3 00022              l4 0000B              l5 0003B  
            _P 000D0              l7 0001E              l8 00013  
            l9 000A8         ?a_msec 0002D             _B0 000F0  
           _B1 000F1             _B2 000F2             _B3 000F3  
           _B4 000F4             _B5 000F5             _B6 000F6  
           _A8 000A0             _B7 000F7             _A9 000A1  
           _F0 000D5             _AC 000D6             l10 000A6  
           l11 00072             l12 000A8             _EA 000AF  
           _P0 00080             _P1 00090             _P2 000A0  
           _P3 000B0             _IE 000A8             _T0 000B4  
           _T1 000B5             _ES 000AC             _CY 000D7  
           _IP 000B8             _RD 000B7             u10 0001E  
           u11 0001C             _RI 00098             u30 0003B  
           u31 00039             u24 0002D             _TI 00099  
           _PS 000BC             _OV 000D2             _SP 00081  
           _WR 000B6         _B_BITS 000F0            _A10 000A2  
          _A11 000A3            _A12 000A4            _A13 000A5  
          _A14 000A6            _A15 000A7            _AD0 00080  
          _AD1 00081            _AD2 00082            _AD3 00083  
          _AD4 00084            _AD5 00085            _AD6 00086  
          _AD7 00087            _ACC 000E0            _P00 00080  
          _P01 00081            _P10 00090            _P02 00082  
          _P11 00091            _P03 00083            _P20 000A0  
          _P12 00092            _P04 00084            _P21 000A1  
          _P13 00093            _P05 00085            _P30 000B0  
          _P22 000A2            _P14 00094            _P06 00086  
          _P31 000B1            _P23 000A3            _P15 00095  
          _P07 00087            _P32 000B2            _P24 000A4  
          _P16 00096            _P33 000B3            _P25 000A5  
          _P17 00097            _P34 000B4            _P26 000A6  
          _P35 000B5            _P27 000A7            _P36 000B6  
          _P37 000B7            _IE0 00089            _IE1 0008B  
          _ET0 000A9            _ET1 000AB            _EX0 000A8  
          _EX1 000AA            _DPH 00083            _DPL 00082  
          _IT0 00088            _IT1 0008A            _RB8 0009A  
          _TF0 0008D            _TB8 0009B            _TF1 0008F  
          _TH0 0008C            _TH1 0008D            _SM0 0009F  
          _SM1 0009E            _TL0 0008A            _SM2 0009D  
          _PT0 000B9            _TL1 0008B            _PT1 000BB  
          _RS0 000D3            _RS1 000D4            _REN 0009C  
          _PX0 000B8            _PX1 000BA            _TR0 0008C  
          _TR1 0008E            _RXD 000B0            _PSW 000D0  
          _TXD 000B1        _P0_BITS 00080        _P1_BITS 00090  
      _P2_BITS 000A0        _P3_BITS 000B0        _IE_BITS 000A8  
     _ACC_BITS 000E0        _IP_BITS 000B8           f1410 00005  
         f1411 0003C           f1420 00040           f1412 00000  
         f1421 000A9           f1422 00000           _ACC0 000E0  
         _ACC1 000E1           _ACC2 000E2           _ACC3 000E3  
         _ACC4 000E4           _ACC5 000E5           _ACC6 000E6  
         _ACC7 000E7  stack_internal 00001           _INT0 000B2  
         _INT1 000B3           _PCON 00087           _SCON 00098  
         _SBUF 00099           _TCON 00088           _TMOD 00089  
         _main 0003E           _msec 00003       _PSW_BITS 000D0  
    _PCON_BITS 00087      _SCON_BITS 00098      _TCON_BITS 00088  
    _TMOD_BITS 00089  
